C:\Users\andre\Documents\GitHub\Drawing-robot-semester-1\robot_control\Logical\Global.typ
C:\Users\andre\Documents\GitHub\Drawing-robot-semester-1\robot_control\Logical\Global.var
C:\Users\andre\Documents\GitHub\Drawing-robot-semester-1\robot_control\Logical\Libraries\operator\operator.fun
C:\Users\andre\Documents\GitHub\Drawing-robot-semester-1\robot_control\Logical\Libraries\operator\operator.typ
C:\Users\andre\Documents\GitHub\Drawing-robot-semester-1\robot_control\Logical\Libraries\operator\operator.var
C:\Users\andre\Documents\GitHub\Drawing-robot-semester-1\robot_control\Logical\Libraries\runtime\runtime.fun
C:\Users\andre\Documents\GitHub\Drawing-robot-semester-1\robot_control\Logical\Libraries\runtime\runtime.typ
C:\Users\andre\Documents\GitHub\Drawing-robot-semester-1\robot_control\Logical\Libraries\runtime\runtime.var
C:\Users\andre\Documents\GitHub\Drawing-robot-semester-1\robot_control\Logical\Libraries\astime\astime.fun
C:\Users\andre\Documents\GitHub\Drawing-robot-semester-1\robot_control\Logical\Libraries\astime\astime.typ
C:\Users\andre\Documents\GitHub\Drawing-robot-semester-1\robot_control\Logical\Libraries\astime\astime.var
C:\Users\andre\Documents\GitHub\Drawing-robot-semester-1\robot_control\Logical\Libraries\AsIecCon\AsIecCon.fun
C:\Users\andre\Documents\GitHub\Drawing-robot-semester-1\robot_control\Logical\Libraries\AsIecCon\AsIecCon.typ
C:\Users\andre\Documents\GitHub\Drawing-robot-semester-1\robot_control\Logical\Libraries\AsIecCon\AsIecCon.var
C:\Users\andre\Documents\GitHub\Drawing-robot-semester-1\robot_control\Logical\Libraries\AsOpcUac\AsOpcUac.fun
C:\Users\andre\Documents\GitHub\Drawing-robot-semester-1\robot_control\Logical\Libraries\AsOpcUac\AsOpcUac.typ
C:\Users\andre\Documents\GitHub\Drawing-robot-semester-1\robot_control\Logical\Libraries\AsOpcUac\AsOpcUac.var
C:\Users\andre\Documents\GitHub\Drawing-robot-semester-1\robot_control\Logical\Libraries\AsOpcUas\AsOpcUas.fun
C:\Users\andre\Documents\GitHub\Drawing-robot-semester-1\robot_control\Logical\Libraries\AsOpcUas\AsOpcUas.typ
C:\Users\andre\Documents\GitHub\Drawing-robot-semester-1\robot_control\Logical\Libraries\AsOpcUas\AsOpcUas.var
C:\Users\andre\Documents\GitHub\Drawing-robot-semester-1\robot_control\Logical\Libraries\AsTCP\AsTCP.fun
C:\Users\andre\Documents\GitHub\Drawing-robot-semester-1\robot_control\Logical\Libraries\AsTCP\AsTCP.typ
C:\Users\andre\Documents\GitHub\Drawing-robot-semester-1\robot_control\Logical\Libraries\AsTCP\AsTCP.var
C:\Users\andre\Documents\GitHub\Drawing-robot-semester-1\robot_control\Logical\Libraries\AsBrStr\AsBrStr.fun
C:\Users\andre\Documents\GitHub\Drawing-robot-semester-1\robot_control\Logical\Libraries\AsBrStr\AsBrStr.typ
C:\Users\andre\Documents\GitHub\Drawing-robot-semester-1\robot_control\Logical\Libraries\AsBrStr\AsBrStr.var
