C:\Users\andre\Documents\GitHub\Drawing-robot-semester-1\robot_control\Logical\Global.typ
C:\Users\andre\Documents\GitHub\Drawing-robot-semester-1\robot_control\Logical\Global.var
C:\Users\andre\Documents\GitHub\Drawing-robot-semester-1\robot_control\Logical\Libraries\operator\operator.fun
C:\Users\andre\Documents\GitHub\Drawing-robot-semester-1\robot_control\Logical\Libraries\operator\operator.typ
C:\Users\andre\Documents\GitHub\Drawing-robot-semester-1\robot_control\Logical\Libraries\operator\operator.var
C:\Users\andre\Documents\GitHub\Drawing-robot-semester-1\robot_control\Logical\Libraries\runtime\runtime.fun
C:\Users\andre\Documents\GitHub\Drawing-robot-semester-1\robot_control\Logical\Libraries\runtime\runtime.typ
C:\Users\andre\Documents\GitHub\Drawing-robot-semester-1\robot_control\Logical\Libraries\runtime\runtime.var
C:\Users\andre\Documents\GitHub\Drawing-robot-semester-1\robot_control\Logical\Libraries\astime\astime.fun
C:\Users\andre\Documents\GitHub\Drawing-robot-semester-1\robot_control\Logical\Libraries\astime\astime.typ
C:\Users\andre\Documents\GitHub\Drawing-robot-semester-1\robot_control\Logical\Libraries\astime\astime.var
C:\Users\andre\Documents\GitHub\Drawing-robot-semester-1\robot_control\Logical\Libraries\AsIecCon\AsIecCon.fun
C:\Users\andre\Documents\GitHub\Drawing-robot-semester-1\robot_control\Logical\Libraries\AsIecCon\AsIecCon.typ
C:\Users\andre\Documents\GitHub\Drawing-robot-semester-1\robot_control\Logical\Libraries\AsIecCon\AsIecCon.var
