<?xml version="1.0" encoding="utf-8"?>
<?AutomationStudio Version="4.8.2.72"?>
<Objects>
  <Object
    Path="C:\Users\andre\Documents\GitHub\Drawing-robot-semester-1\robot_control\Logical\Package.pkg"
    LogicalPath=""
    Type="Package.ParentUnknown"
    LastWriteTime="132466313774694791" />
  <Object
    Path="C:\Users\andre\Documents\GitHub\Drawing-robot-semester-1\robot_control\Logical\Global.typ"
    LogicalPath="Global.typ"
    Type="File"
    LastWriteTime="132459341801262971"
    Private="false" />
  <Object
    Path="C:\Users\andre\Documents\GitHub\Drawing-robot-semester-1\robot_control\Logical\Global.var"
    LogicalPath="Global.var"
    Type="File"
    LastWriteTime="132459341801262971"
    Private="false" />
  <Object
    Path="C:\Users\andre\Documents\GitHub\Drawing-robot-semester-1\robot_control\Logical\Libraries\Package.pkg"
    LogicalPath="Libraries"
    Type="Package"
    LastWriteTime="132466313774200081" />
  <Object
    Path="C:\Users\andre\Documents\GitHub\Drawing-robot-semester-1\robot_control\Logical\Libraries\operator\binary.lby"
    LogicalPath="Libraries.operator"
    Type="Library"
    LastWriteTime="132169182720000000" />
  <Object
    Path="C:\Users\andre\Documents\GitHub\Drawing-robot-semester-1\robot_control\Logical\Libraries\operator\operator.fun"
    LogicalPath="Libraries.operator.operator.fun"
    Type="File"
    LastWriteTime="132169182720000000"
    Private="false" />
  <Object
    Path="C:\Users\andre\Documents\GitHub\Drawing-robot-semester-1\robot_control\Logical\Libraries\operator\operator.typ"
    LogicalPath="Libraries.operator.operator.typ"
    Type="File"
    LastWriteTime="132169182720000000"
    Private="false" />
  <Object
    Path="C:\Users\andre\Documents\GitHub\Drawing-robot-semester-1\robot_control\Logical\Libraries\operator\operator.var"
    LogicalPath="Libraries.operator.operator.var"
    Type="File"
    LastWriteTime="132169182720000000"
    Private="false" />
  <Object
    Path="C:\Users\andre\Documents\GitHub\Drawing-robot-semester-1\robot_control\Logical\Libraries\runtime\binary.lby"
    LogicalPath="Libraries.runtime"
    Type="Library"
    LastWriteTime="132169182740000000" />
  <Object
    Path="C:\Users\andre\Documents\GitHub\Drawing-robot-semester-1\robot_control\Logical\Libraries\runtime\runtime.fun"
    LogicalPath="Libraries.runtime.runtime.fun"
    Type="File"
    LastWriteTime="132169182740000000"
    Private="false" />
  <Object
    Path="C:\Users\andre\Documents\GitHub\Drawing-robot-semester-1\robot_control\Logical\Libraries\runtime\runtime.typ"
    LogicalPath="Libraries.runtime.runtime.typ"
    Type="File"
    LastWriteTime="132169182740000000"
    Private="false" />
  <Object
    Path="C:\Users\andre\Documents\GitHub\Drawing-robot-semester-1\robot_control\Logical\Libraries\runtime\runtime.var"
    LogicalPath="Libraries.runtime.runtime.var"
    Type="File"
    LastWriteTime="132169182740000000"
    Private="false" />
  <Object
    Path="C:\Users\andre\Documents\GitHub\Drawing-robot-semester-1\robot_control\Logical\Libraries\astime\binary.lby"
    LogicalPath="Libraries.astime"
    Type="Library"
    LastWriteTime="132169182740000000" />
  <Object
    Path="C:\Users\andre\Documents\GitHub\Drawing-robot-semester-1\robot_control\Logical\Libraries\astime\astime.fun"
    LogicalPath="Libraries.astime.astime.fun"
    Type="File"
    LastWriteTime="132169182740000000"
    Private="false" />
  <Object
    Path="C:\Users\andre\Documents\GitHub\Drawing-robot-semester-1\robot_control\Logical\Libraries\astime\astime.typ"
    LogicalPath="Libraries.astime.astime.typ"
    Type="File"
    LastWriteTime="132169182740000000"
    Private="false" />
  <Object
    Path="C:\Users\andre\Documents\GitHub\Drawing-robot-semester-1\robot_control\Logical\Libraries\astime\astime.var"
    LogicalPath="Libraries.astime.astime.var"
    Type="File"
    LastWriteTime="132169182740000000"
    Private="false" />
  <Object
    Path="C:\Users\andre\Documents\GitHub\Drawing-robot-semester-1\robot_control\Logical\Libraries\AsIecCon\binary.lby"
    LogicalPath="Libraries.AsIecCon"
    Type="Library"
    LastWriteTime="132169182740000000" />
  <Object
    Path="C:\Users\andre\Documents\GitHub\Drawing-robot-semester-1\robot_control\Logical\Libraries\AsIecCon\AsIecCon.fun"
    LogicalPath="Libraries.AsIecCon.AsIecCon.fun"
    Type="File"
    LastWriteTime="132169182740000000"
    Private="false" />
  <Object
    Path="C:\Users\andre\Documents\GitHub\Drawing-robot-semester-1\robot_control\Logical\Libraries\AsIecCon\AsIecCon.typ"
    LogicalPath="Libraries.AsIecCon.AsIecCon.typ"
    Type="File"
    LastWriteTime="132169182740000000"
    Private="false" />
  <Object
    Path="C:\Users\andre\Documents\GitHub\Drawing-robot-semester-1\robot_control\Logical\Libraries\AsIecCon\AsIecCon.var"
    LogicalPath="Libraries.AsIecCon.AsIecCon.var"
    Type="File"
    LastWriteTime="132169182740000000"
    Private="false" />
  <Object
    Path="C:\Users\andre\Documents\GitHub\Drawing-robot-semester-1\robot_control\Logical\Libraries\AsOpcUac\binary.lby"
    LogicalPath="Libraries.AsOpcUac"
    Type="Library"
    LastWriteTime="132169183500000000" />
  <Object
    Path="C:\Users\andre\Documents\GitHub\Drawing-robot-semester-1\robot_control\Logical\Libraries\AsOpcUac\AsOpcUac.fun"
    LogicalPath="Libraries.AsOpcUac.AsOpcUac.fun"
    Type="File"
    LastWriteTime="132169183500000000"
    Private="false" />
  <Object
    Path="C:\Users\andre\Documents\GitHub\Drawing-robot-semester-1\robot_control\Logical\Libraries\AsOpcUac\AsOpcUac.typ"
    LogicalPath="Libraries.AsOpcUac.AsOpcUac.typ"
    Type="File"
    LastWriteTime="132169183500000000"
    Private="false" />
  <Object
    Path="C:\Users\andre\Documents\GitHub\Drawing-robot-semester-1\robot_control\Logical\Libraries\AsOpcUac\AsOpcUac.var"
    LogicalPath="Libraries.AsOpcUac.AsOpcUac.var"
    Type="File"
    LastWriteTime="132169183500000000"
    Private="false" />
  <Object
    Path="C:\Users\andre\Documents\GitHub\Drawing-robot-semester-1\robot_control\Logical\Libraries\AsOpcUas\binary.lby"
    LogicalPath="Libraries.AsOpcUas"
    Type="Library"
    LastWriteTime="132169183520000000" />
  <Object
    Path="C:\Users\andre\Documents\GitHub\Drawing-robot-semester-1\robot_control\Logical\Libraries\AsOpcUas\AsOpcUas.fun"
    LogicalPath="Libraries.AsOpcUas.AsOpcUas.fun"
    Type="File"
    LastWriteTime="132169183520000000"
    Private="false" />
  <Object
    Path="C:\Users\andre\Documents\GitHub\Drawing-robot-semester-1\robot_control\Logical\Libraries\AsOpcUas\AsOpcUas.typ"
    LogicalPath="Libraries.AsOpcUas.AsOpcUas.typ"
    Type="File"
    LastWriteTime="132169183520000000"
    Private="false" />
  <Object
    Path="C:\Users\andre\Documents\GitHub\Drawing-robot-semester-1\robot_control\Logical\Libraries\AsOpcUas\AsOpcUas.var"
    LogicalPath="Libraries.AsOpcUas.AsOpcUas.var"
    Type="File"
    LastWriteTime="132169183520000000"
    Private="false" />
  <Object
    Path="C:\Users\andre\Documents\GitHub\Drawing-robot-semester-1\robot_control\Logical\Libraries\AsTCP\binary.lby"
    LogicalPath="Libraries.AsTCP"
    Type="Library"
    LastWriteTime="132169183520000000" />
  <Object
    Path="C:\Users\andre\Documents\GitHub\Drawing-robot-semester-1\robot_control\Logical\Libraries\AsTCP\AsTCP.fun"
    LogicalPath="Libraries.AsTCP.AsTCP.fun"
    Type="File"
    LastWriteTime="132169183520000000"
    Private="false" />
  <Object
    Path="C:\Users\andre\Documents\GitHub\Drawing-robot-semester-1\robot_control\Logical\Libraries\AsTCP\AsTCP.typ"
    LogicalPath="Libraries.AsTCP.AsTCP.typ"
    Type="File"
    LastWriteTime="132169183520000000"
    Private="false" />
  <Object
    Path="C:\Users\andre\Documents\GitHub\Drawing-robot-semester-1\robot_control\Logical\Libraries\AsTCP\AsTCP.var"
    LogicalPath="Libraries.AsTCP.AsTCP.var"
    Type="File"
    LastWriteTime="132169183520000000"
    Private="false" />
  <Object
    Path="C:\Users\andre\Documents\GitHub\Drawing-robot-semester-1\robot_control\Logical\Libraries\AsBrStr\binary.lby"
    LogicalPath="Libraries.AsBrStr"
    Type="Library"
    LastWriteTime="132169851280000000" />
  <Object
    Path="C:\Users\andre\Documents\GitHub\Drawing-robot-semester-1\robot_control\Logical\Libraries\AsBrStr\AsBrStr.fun"
    LogicalPath="Libraries.AsBrStr.AsBrStr.fun"
    Type="File"
    LastWriteTime="132169851280000000"
    Private="false" />
  <Object
    Path="C:\Users\andre\Documents\GitHub\Drawing-robot-semester-1\robot_control\Logical\Libraries\AsBrStr\AsBrStr.typ"
    LogicalPath="Libraries.AsBrStr.AsBrStr.typ"
    Type="File"
    LastWriteTime="132169851280000000"
    Private="false" />
  <Object
    Path="C:\Users\andre\Documents\GitHub\Drawing-robot-semester-1\robot_control\Logical\Libraries\AsBrStr\AsBrStr.var"
    LogicalPath="Libraries.AsBrStr.AsBrStr.var"
    Type="File"
    LastWriteTime="132169851280000000"
    Private="false" />
  <Object
    Path="C:\Users\andre\Documents\GitHub\Drawing-robot-semester-1\robot_control\Logical\Program\IEC.prg"
    LogicalPath="Program"
    Type="Program"
    LastWriteTime="132459341801512288" />
  <Object
    Path="C:\Users\andre\Documents\GitHub\Drawing-robot-semester-1\robot_control\Logical\Program\Main.st"
    LogicalPath="Program.Main.st"
    Type="File"
    LastWriteTime="132466308721029052"
    Private="false" />
  <Object
    Path="C:\Users\andre\Documents\GitHub\Drawing-robot-semester-1\robot_control\Logical\Program\Types.typ"
    LogicalPath="Program.Types.typ"
    Type="File"
    LastWriteTime="132464509886657679"
    Private="true" />
  <Object
    Path="C:\Users\andre\Documents\GitHub\Drawing-robot-semester-1\robot_control\Logical\Program\Variables.var"
    LogicalPath="Program.Variables.var"
    Type="File"
    LastWriteTime="132463546945160821"
    Private="true" />
  <Object
    Path="C:\Users\andre\Documents\GitHub\Drawing-robot-semester-1\robot_control\Logical\OpcUA\IEC.prg"
    LogicalPath="OpcUA"
    Type="Program"
    LastWriteTime="132169187300000000" />
  <Object
    Path="C:\Users\andre\Documents\GitHub\Drawing-robot-semester-1\robot_control\Logical\OpcUA\Main.st"
    LogicalPath="OpcUA.Main.st"
    Type="File"
    LastWriteTime="132169196000000000"
    Private="false" />
  <Object
    Path="C:\Users\andre\Documents\GitHub\Drawing-robot-semester-1\robot_control\Logical\OpcUA\Types.typ"
    LogicalPath="OpcUA.Types.typ"
    Type="File"
    LastWriteTime="132169193460000000"
    Private="true" />
  <Object
    Path="C:\Users\andre\Documents\GitHub\Drawing-robot-semester-1\robot_control\Logical\OpcUA\Variables.var"
    LogicalPath="OpcUA.Variables.var"
    Type="File"
    LastWriteTime="132169196660000000"
    Private="true" />
  <Object
    Path="C:\Users\andre\Documents\GitHub\Drawing-robot-semester-1\robot_control\Logical\OpcUA\Methods.uam"
    LogicalPath="OpcUA.Methods.uam"
    Type="File"
    LastWriteTime="132169188340000000"
    Private="false" />
  <Object
    Path="C:\Users\andre\Documents\GitHub\Drawing-robot-semester-1\robot_control\Logical\TCPServer\IEC.prg"
    LogicalPath="TCPServer"
    Type="Program"
    LastWriteTime="132169848960000000" />
  <Object
    Path="C:\Users\andre\Documents\GitHub\Drawing-robot-semester-1\robot_control\Logical\TCPServer\Main.st"
    LogicalPath="TCPServer.Main.st"
    Type="File"
    LastWriteTime="132169849880000000"
    Private="false" />
  <Object
    Path="C:\Users\andre\Documents\GitHub\Drawing-robot-semester-1\robot_control\Logical\TCPServer\Types.typ"
    LogicalPath="TCPServer.Types.typ"
    Type="File"
    LastWriteTime="132169850640000000"
    Private="true" />
  <Object
    Path="C:\Users\andre\Documents\GitHub\Drawing-robot-semester-1\robot_control\Logical\TCPServer\Variables.var"
    LogicalPath="TCPServer.Variables.var"
    Type="File"
    LastWriteTime="132169849620000000"
    Private="true" />
  <Object
    Path="C:\Users\andre\Documents\GitHub\Drawing-robot-semester-1\robot_control\Physical\Config1\Config.pkg"
    LogicalPath="Config1"
    Type="Configuration.ParentUnknown"
    LastWriteTime="132459341801532243" />
  <Object
    Path="C:\Users\andre\Documents\GitHub\Drawing-robot-semester-1\robot_control\Physical\Config1\Hardware.hw"
    LogicalPath="Config1.Hardware.hw"
    Type="File"
    LastWriteTime="132466313629973386"
    Private="false" />
  <Object
    Path="C:\Users\andre\Documents\GitHub\Drawing-robot-semester-1\robot_control\Physical\Config1\Hardware.hwl"
    LogicalPath="Config1.Hardware.hwl"
    Type="File"
    LastWriteTime="132463561619774865"
    Private="false" />
  <Object
    Path="C:\Users\andre\Documents\GitHub\Drawing-robot-semester-1\robot_control\Physical\Config1\X20CP1382\Cpu.pkg"
    LogicalPath="Config1.X20CP1382"
    Type="Cpu"
    LastWriteTime="132463546945389906" />
  <Object
    Path="C:\Users\andre\Documents\GitHub\Drawing-robot-semester-1\robot_control\Physical\Config1\X20CP1382\Cpu.sw"
    LogicalPath="Config1.X20CP1382.Cpu.sw"
    Type="File"
    LastWriteTime="132466320713617272"
    Private="false" />
  <Object
    Path="C:\Users\andre\Documents\GitHub\Drawing-robot-semester-1\robot_control\Physical\Config1\X20CP1382\Cpu.per"
    LogicalPath="Config1.X20CP1382.Cpu.per"
    Type="File"
    LastWriteTime="132459341801702046"
    Private="false" />
  <Object
    Path="C:\Users\andre\Documents\GitHub\Drawing-robot-semester-1\robot_control\Physical\Config1\X20CP1382\IoMap.iom"
    LogicalPath="Config1.X20CP1382.IoMap.iom"
    Type="File"
    LastWriteTime="132464446123422297"
    Private="false" />
  <Object
    Path="C:\Users\andre\Documents\GitHub\Drawing-robot-semester-1\robot_control\Physical\Config1\X20CP1382\PvMap.vvm"
    LogicalPath="Config1.X20CP1382.PvMap.vvm"
    Type="File"
    LastWriteTime="132459341801721729"
    Private="false" />
  <Object
    Path="C:\Users\andre\Documents\GitHub\Drawing-robot-semester-1\robot_control\Physical\Config1\X20CP1382\Connectivity\Package.pkg"
    LogicalPath="Config1.X20CP1382.Connectivity"
    Type="Package"
    LastWriteTime="132459341801702046" />
  <Object
    Path="C:\Users\andre\Documents\GitHub\Drawing-robot-semester-1\robot_control\Physical\Config1\X20CP1382\Connectivity\OpcUA\Package.pkg"
    LogicalPath="Config1.X20CP1382.Connectivity.OpcUA"
    Type="Package"
    LastWriteTime="132459341801691833" />
  <Object
    Path="C:\Users\andre\Documents\GitHub\Drawing-robot-semester-1\robot_control\Physical\Config1\X20CP1382\TextSystem\Package.pkg"
    LogicalPath="Config1.X20CP1382.TextSystem"
    Type="Package"
    LastWriteTime="132459341801731702" />
  <Object
    Path="C:\Users\andre\Documents\GitHub\Drawing-robot-semester-1\robot_control\Physical\Config1\X20CP1382\UnitSystem\Package.pkg"
    LogicalPath="Config1.X20CP1382.UnitSystem"
    Type="Package"
    LastWriteTime="132459341801741688" />
  <Object
    Path="C:\Users\andre\Documents\GitHub\Drawing-robot-semester-1\robot_control\Physical\Config1\X20CP1382\AccessAndSecurity\Package.pkg"
    LogicalPath="Config1.X20CP1382.AccessAndSecurity"
    Type="Package"
    LastWriteTime="132459341801651932" />
  <Object
    Path="C:\Users\andre\Documents\GitHub\Drawing-robot-semester-1\robot_control\Physical\Config1\X20CP1382\AccessAndSecurity\UserRoleSystem\Package.pkg"
    LogicalPath="Config1.X20CP1382.AccessAndSecurity.UserRoleSystem"
    Type="Package"
    LastWriteTime="132459341801671863" />
  <Object
    Path="C:\Users\andre\Documents\GitHub\Drawing-robot-semester-1\robot_control\Physical\Config1\X20CP1382\AccessAndSecurity\UserRoleSystem\Role.role"
    LogicalPath="Config1.X20CP1382.AccessAndSecurity.UserRoleSystem.Role.role"
    Type="File"
    LastWriteTime="132459341801681974"
    Private="false" />
  <Object
    Path="C:\Users\andre\Documents\GitHub\Drawing-robot-semester-1\robot_control\Physical\Config1\X20CP1382\AccessAndSecurity\UserRoleSystem\User.user"
    LogicalPath="Config1.X20CP1382.AccessAndSecurity.UserRoleSystem.User.user"
    Type="File"
    LastWriteTime="132459341801681974"
    Private="false" />
  <Object
    Path="C:\Users\andre\Documents\GitHub\Drawing-robot-semester-1\robot_control\Physical\Config1\X20CP1382\AccessAndSecurity\CertificateStore\Package.pkg"
    LogicalPath="Config1.X20CP1382.AccessAndSecurity.CertificateStore"
    Type="Package"
    LastWriteTime="132459341801612024" />
  <Object
    Path="C:\Users\andre\Documents\GitHub\Drawing-robot-semester-1\robot_control\Physical\Config1\X20CP1382\AccessAndSecurity\CertificateStore\OwnCertificates\Package.pkg"
    LogicalPath="Config1.X20CP1382.AccessAndSecurity.CertificateStore.OwnCertificates"
    Type="Package"
    LastWriteTime="132459341801602049" />
  <Object
    Path="C:\Users\andre\Documents\GitHub\Drawing-robot-semester-1\robot_control\Physical\Config1\X20CP1382\AccessAndSecurity\CertificateStore\OwnCertificates\Certificates\Package.pkg"
    LogicalPath="Config1.X20CP1382.AccessAndSecurity.CertificateStore.OwnCertificates.Certificates"
    Type="Package"
    LastWriteTime="132459341801592086" />
  <Object
    Path="C:\Users\andre\Documents\GitHub\Drawing-robot-semester-1\robot_control\Physical\Config1\X20CP1382\AccessAndSecurity\CertificateStore\OwnCertificates\PrivateKeys\Package.pkg"
    LogicalPath="Config1.X20CP1382.AccessAndSecurity.CertificateStore.OwnCertificates.PrivateKeys"
    Type="Package"
    LastWriteTime="132459341801602049" />
  <Object
    Path="C:\Users\andre\Documents\GitHub\Drawing-robot-semester-1\robot_control\Physical\Config1\X20CP1382\AccessAndSecurity\CertificateStore\ThirdPartyCertificates\Package.pkg"
    LogicalPath="Config1.X20CP1382.AccessAndSecurity.CertificateStore.ThirdPartyCertificates"
    Type="Package"
    LastWriteTime="132459341801622000" />
  <Object
    Path="C:\Users\andre\Documents\GitHub\Drawing-robot-semester-1\robot_control\Physical\Config1\X20CP1382\AccessAndSecurity\CertificateStore\ThirdPartyCertificates\SoftwareCertificates\Package.pkg"
    LogicalPath="Config1.X20CP1382.AccessAndSecurity.CertificateStore.ThirdPartyCertificates.SoftwareCertificates"
    Type="Package"
    LastWriteTime="132459341801631977" />
  <Object
    Path="C:\Users\andre\Documents\GitHub\Drawing-robot-semester-1\robot_control\Physical\Config1\X20CP1382\AccessAndSecurity\CertificateStore\CertificateRevocationLists\Package.pkg"
    LogicalPath="Config1.X20CP1382.AccessAndSecurity.CertificateStore.CertificateRevocationLists"
    Type="Package"
    LastWriteTime="132459341801572387" />
  <Object
    Path="C:\Users\andre\Documents\GitHub\Drawing-robot-semester-1\robot_control\Physical\Config1\X20CP1382\AccessAndSecurity\CertificateStore\CertificateSigningRequests\Package.pkg"
    LogicalPath="Config1.X20CP1382.AccessAndSecurity.CertificateStore.CertificateSigningRequests"
    Type="Package"
    LastWriteTime="132459341801582374" />
  <Object
    Path="C:\Users\andre\Documents\GitHub\Drawing-robot-semester-1\robot_control\Physical\Config1\X20CP1382\AccessAndSecurity\TransportLayerSecurity\Package.pkg"
    LogicalPath="Config1.X20CP1382.AccessAndSecurity.TransportLayerSecurity"
    Type="Package"
    LastWriteTime="132459341801662130" />
  <Object
    Path="C:\Users\andre\Documents\GitHub\Drawing-robot-semester-1\robot_control\Physical\Config1\X20CP1382\AccessAndSecurity\Firewall\Package.pkg"
    LogicalPath="Config1.X20CP1382.AccessAndSecurity.Firewall"
    Type="Package"
    LastWriteTime="132459341801641954" />
  <Object
    Path="C:\Users\andre\Documents\GitHub\Drawing-robot-semester-1\robot_control\Physical\Config1\X20CP1382\AccessAndSecurity\Firewall\Rules.firewallRules"
    LogicalPath="Config1.X20CP1382.AccessAndSecurity.Firewall.Rules.firewallRules"
    Type="File"
    LastWriteTime="132459341801651932"
    Private="false" />
  <Object
    Path="C:\Users\andre\Documents\GitHub\Drawing-robot-semester-1\robot_control\Physical\Config1\X20CP1382\mappControl\Package.pkg"
    LogicalPath="Config1.X20CP1382.mappControl"
    Type="Package"
    LastWriteTime="132459341801761763" />
  <Object
    Path="C:\Users\andre\Documents\GitHub\Drawing-robot-semester-1\robot_control\Physical\Config1\X20CP1382\mappMotion\Package.pkg"
    LogicalPath="Config1.X20CP1382.mappMotion"
    Type="Package"
    LastWriteTime="132459341801771594" />
  <Object
    Path="C:\Users\andre\Documents\GitHub\Drawing-robot-semester-1\robot_control\Physical\Config1\X20CP1382\mappServices\Package.pkg"
    LogicalPath="Config1.X20CP1382.mappServices"
    Type="Package"
    LastWriteTime="132459341801771594" />
  <Object
    Path="C:\Users\andre\Documents\GitHub\Drawing-robot-semester-1\robot_control\Physical\Config1\X20CP1382\mappView\Package.pkg"
    LogicalPath="Config1.X20CP1382.mappView"
    Type="Package"
    LastWriteTime="132459341801781582" />
  <Object
    Path="C:\Users\andre\Documents\GitHub\Drawing-robot-semester-1\robot_control\Physical\Config1\X20CP1382\mappCockpit\Package.pkg"
    LogicalPath="Config1.X20CP1382.mappCockpit"
    Type="Package"
    LastWriteTime="132459341801751658" />
  <Object
    Path="C:\Users\andre\Documents\GitHub\Drawing-robot-semester-1\robot_control\Physical\Config1\Hardware.jpg"
    LogicalPath="Config1.Hardware.jpg"
    Type="File"
    LastWriteTime="132463561619924126"
    Private="false" />
</Objects>